2025-12-16 16:51:52,931 - INFO - Вывод функции __hyperparams__:
MLP 32
Начат цикл обучения:
F1: 0.951619, Test Loss 0.1477854996919632

Начат цикл обучения:
F1: 0.983916, Test Loss 0.07814681529998779

Начат цикл обучения:
F1: 0.984000, Test Loss 0.05904190242290497

Начат цикл обучения:
F1: 0.972018, Test Loss 0.10056675225496292

Начат цикл обучения:
F1: 0.804015, Test Loss 0.4745534360408783

Начат цикл обучения:
F1: 0.983951, Test Loss 0.09361645579338074

Начат цикл обучения:
F1: 0.964137, Test Loss 0.15502862632274628

Начат цикл обучения:
F1: 0.983989, Test Loss 0.13419227302074432

Начат цикл обучения:
F1: 0.979954, Test Loss 0.10596640408039093

Начат цикл обучения:
F1: 0.708483, Test Loss 0.4415484070777893

Сохранены следующий параметры: {'batch_size': 16, 'lr': 0.0009, 'weight_decay': 0.0003, 'hidden_size': 128, 'num_classes': 5, 'model': 'MLP'}
Начат цикл обучения:
Epoch: 1/25, Train Loss: 1.1638550758361816
F1: 0.303255, Test Loss 1.181797981262207

Epoch: 2/25, Train Loss: 0.758086085319519
F1: 0.698112, Test Loss 0.8319562673568726

Epoch: 3/25, Train Loss: 0.5893006324768066
F1: 0.900997, Test Loss 0.5333212614059448

Epoch: 4/25, Train Loss: 0.4621312916278839
F1: 0.979867, Test Loss 0.36556553840637207

Epoch: 5/25, Train Loss: 0.39980602264404297
F1: 0.959916, Test Loss 0.2957606613636017

Epoch: 6/25, Train Loss: 0.3099428117275238
F1: 0.963815, Test Loss 0.2426307648420334

Epoch: 7/25, Train Loss: 0.26858824491500854
F1: 0.967958, Test Loss 0.1835613250732422

Epoch: 8/25, Train Loss: 0.2219620943069458
F1: 0.963583, Test Loss 0.2060396671295166

Epoch: 9/25, Train Loss: 0.18294601142406464
F1: 0.979900, Test Loss 0.14938348531723022

Epoch: 10/25, Train Loss: 0.2177574336528778
F1: 0.976012, Test Loss 0.13591980934143066

Epoch: 11/25, Train Loss: 0.1743524819612503
F1: 0.963994, Test Loss 0.12503457069396973

Epoch: 12/25, Train Loss: 0.21921826899051666
F1: 0.975935, Test Loss 0.12236162275075912

Epoch: 13/25, Train Loss: 0.20620444416999817
F1: 0.975935, Test Loss 0.11974329501390457

Epoch: 14/25, Train Loss: 0.1269581913948059
F1: 0.979986, Test Loss 0.11309574544429779

Epoch: 15/25, Train Loss: 0.1750299036502838
F1: 0.976033, Test Loss 0.13120311498641968

Epoch: 16/25, Train Loss: 0.13766145706176758
Ранняя остановка!
F1: 0.971913, Test Loss 0.12581539154052734

Epoch: 17/25, Train Loss: 0.14539885520935059
F1: 0.983998, Test Loss 0.0667501762509346

Epoch: 18/25, Train Loss: 0.12347551435232162
F1: 0.983998, Test Loss 0.06920671463012695

Epoch: 19/25, Train Loss: 0.12029150128364563
F1: 0.979974, Test Loss 0.07223306596279144

Epoch: 20/25, Train Loss: 0.087493896484375
F1: 0.984039, Test Loss 0.06200146675109863

Epoch: 21/25, Train Loss: 0.08443949371576309
F1: 0.971992, Test Loss 0.08964084088802338

Epoch: 22/25, Train Loss: 0.09740394353866577
F1: 0.975840, Test Loss 0.09270831942558289

Epoch: 23/25, Train Loss: 0.09828270971775055
F1: 0.983989, Test Loss 0.06065478175878525

Epoch: 24/25, Train Loss: 0.12085655331611633
F1: 0.963685, Test Loss 0.10315386950969696

Epoch: 25/25, Train Loss: 0.10531910508871078
F1: 0.984073, Test Loss 0.05431997776031494

Лучшая метрика была достигнута на 25 эпохе, значение f1 0.984073

